[illadventure.godaddysites.com/index.html]
[backblue.gif]
[fade.gif]
[index.html]
[illadventure.godaddysites.com/manifest.webmanifest]
[illadventure.godaddysites.com/sw.js]
[illadventure.godaddysites.com/shop.html]
[illadventure.godaddysites.com/booking.html]
[illadventure.godaddysites.com/social.html]
[img1.wsimg.com/poly/v3/polyfill.min75c4.js]
[img1.wsimg.com/blobby/go/bb4c0b03-4c0a-4823-9d6d-bf1f57b6e48e/gpub/6ff8f9d6e0ca491a/script.js]
[img1.wsimg.com/tcc/tcc_l.combined.1.0.6.min.js]
[illadventure.godaddysites.com/index.html]
[illadventure.godaddysites.com/shop.html]
[img1.wsimg.com/blobby/go/bb4c0b03-4c0a-4823-9d6d-bf1f57b6e48e/gpub/f7e6957e47ec28bb/script.js]
[img1.wsimg.com/blobby/go/bb4c0b03-4c0a-4823-9d6d-bf1f57b6e48e/gpub/5284364180edcc7a/script.js]
[illadventure.godaddysites.com/booking.html]
[img1.wsimg.com/blobby/go/bb4c0b03-4c0a-4823-9d6d-bf1f57b6e48e/gpub/c1c8fb62cb0a4dd3/script.js]
[img1.wsimg.com/blobby/go/bb4c0b03-4c0a-4823-9d6d-bf1f57b6e48e/gpub/259cde6dd8843453/script.js]
[img1.wsimg.com/blobby/go/bb4c0b03-4c0a-4823-9d6d-bf1f57b6e48e/gpub/9f62e5dd18ba34df/script.js]
[illadventure.godaddysites.com/social.html]
[img1.wsimg.com/blobby/go/bb4c0b03-4c0a-4823-9d6d-bf1f57b6e48e/gpub/ead7116d13081b97/script.js]
[img1.wsimg.com/blobby/go/bb4c0b03-4c0a-4823-9d6d-bf1f57b6e48e/gpub/d911abbd7237af40/script.js]
[img1.wsimg.com/ceph-p3-01/website-builder-data-prod/static/widgets/UX.4.18.7.js]
[img1.wsimg.com/tcc/tcc_l.combined.1.0.6.min.js]
